../Core/Src/main.c:71:6:HAL_UART_RxCpltCallback	16	static
../Core/Src/main.c:97:5:main	16	static
../Core/Src/main.c:177:6:SystemClock_Config	88	static
../Core/Src/main.c:221:13:MX_ADC1_Init	24	static
../Core/Src/main.c:268:13:MX_ADC2_Init	24	static
../Core/Src/main.c:315:13:MX_TIM2_Init	32	static
../Core/Src/main.c:360:13:MX_USART2_UART_Init	8	static
../Core/Src/main.c:393:13:MX_GPIO_Init	32	static
../Core/Src/main.c:413:6:HAL_TIM_PeriodElapsedCallback	16	static
../Core/Src/main.c:423:6:Error_Handler	4	static,ignoring_inline_asm
